--------1--------
0
--------1--------
--------2--------
77
--------2--------
