--------1--------
0
--------1--------
--------2--------
101
--------2--------
--------3--------
11111111
--------3--------
--------4--------
11111111111111111111111111111111
--------4--------
