--------1--------
ff
--------1--------
--------2--------
ffffffff
--------2--------
