--------1--------
0
--------1--------
--------2--------
4294967295
--------2--------
