--------1--------
0
--------1--------
--------2--------
-123
--------2--------
--------3--------
2147483647
--------3--------
--------4--------
-2147483648
--------4--------
