--------1--------
%
--------1--------
--------2--------
%%
--------2--------
--------3--------
%d%
--------3--------
--------4--------
%d%d
--------4--------
