--------1--------
123  
--------1--------
--------2--------
hi   
--------2--------
--------3--------
00123
--------3--------
--------4--------
0000f
--------4--------
