--------1--------
401671725m                                                                                                                                                                                   
--------1--------
--------2--------
1069970434Leave No Dwarf Behind                                                                                  3494702266                                                                                                                                          Afraid of the dark? No need, you got me!q
--------2--------
--------3--------
jRock and stone!                                                                                                                                                    j                                                                                                                                                             -0517765774Rock and stone!For Super Earth!                                                                                                                                                                                   For Super Earth!A Dwarf sees farther when standing on the shoulders of Giants!10011110111101111000100101101111g                                                                                                        -2058520681
--------3--------
--------4--------
-495618295Rock and stone!a%%                                                                                                                                                                                               aFor Rock and stone!Rock and stone!      Leave No Dwarf Behind                                                                                                                                                                      A Dwarf sees farther when standing on the shoulders of Giants!l                                                                                                                                                          h                                                                                                                                              w                                                                                                                                 For Rock and stone!A Dwarf sees farther when standing on the shoulders of Giants!                                       -399045173                                                                                                                                                                                             c                                                                                                                                            p%%
--------4--------
--------5--------
cNot today!w                                                                                                                                                z                                                                                      A Dwarf sees farther when standing on the shoulders of Giants!aFor Super Earth!Leave No Dwarf Behindt      Leave No Dwarf Behindab                                                                                                                                                                                                 %tRock and stone!                            h                            
--------5--------
--------6--------
Leave No Dwarf Behind                     g                                                                                                                                                                     A Dwarf sees farther when standing on the shoulders of Giants!Leave No Dwarf Behindg                               %%A Dwarf sees farther when standing on the shoulders of Giants!oa                                                                                                                                         efLeave No Dwarf Behind
--------6--------
--------7--------
315974976For Super Earth!For Rock and stone!For Super Earth!1309334110                                                       A Dwarf sees farther when standing on the shoulders of Giants!g                                          %189013159                                                                                                   1268877735u                                                             m                                                                                                                                                 t                                                                         Not today!%
--------7--------
--------8--------
fAfraid of the dark? No need, you got me!Not today!A Dwarf sees farther when standing on the shoulders of Giants!                                                                                                            iNot today!                                                                                                                                                                                         Leave No Dwarf Behind                                                                                                                                                   Afraid of the dark? No need, you got me!For Rock and stone!                                                           Afraid of the dark? No need, you got me!               Afraid of the dark? No need, you got me!A Dwarf sees farther when standing on the shoulders of Giants!A Dwarf sees farther when standing on the shoulders of Giants!For Rock and stone!A Dwarf sees farther when standing on the shoulders of Giants!                                                          
--------8--------
--------9--------
wa                                                           000000000000000000000000000000000000000000000000000000000000000000000000000000000000000000000100111100001001101110111111100100000000000000000000000000000000000000000000000000000000000000000000000000000000000000304300033asaNot today!A Dwarf sees farther when standing on the shoulders of Giants!Not today!
--------9--------
--------10--------
j                                                                                                                                                                                   Leave No Dwarf Behind852102538Not today!1111111111111111111111111111111110101111011101001110101001000011y         h                                                                                                  -1032159979Not today!                                                                                       18446744073248076264                                                                                                                                            %%00000000000000000000000000000000000000000000000000000000000000000000000000000000000000000000000000000000000000000000000000000000000000000000000000000000000002088251294-200841543000000000000000000000000000350831180%Leave No Dwarf BehindLeave No Dwarf BehindFor Super Earth!Leave No Dwarf Behind                                 
--------10--------
--------11--------
-00000000000000000000000000000000000000000000000000000000000000000000000000000000257960502i                                                                                                                   A Dwarf sees farther when standing on the shoulders of Giants!%%%For Rock and stone!
--------11--------
--------12--------
zFor Super Earth!A Dwarf sees farther when standing on the shoulders of Giants!For Rock and stone!                                                                         For Rock and stone!%
--------12--------
--------13--------
For Super Earth!Leave No Dwarf Behind                                                                    -000000000000000000000000000000000000000000000000000000000000000000000000000000000000000000000000000000000000000000000000000000000021043775541078381202                                                           Afraid of the dark? No need, you got me!For Rock and stone!q32105054743                                                                                              
--------13--------
--------14--------
%                                                                              y                                                                                                                                            170395003                                                                                                                                                                        For Rock and stone!For Super Earth!                                                                                                       -0000000000000000000000000000000000000000000000000000000000000000000000000000318807323A Dwarf sees farther when standing on the shoulders of Giants!a
--------14--------
--------15--------
Not today!apj                                                                                                  Rock and stone!          Not today!000000000000000000000000000000000000000000000000000000000000000000000000000000000000000000000000000000000000000000000004801395831708364700Not today!ep                                                                                                                                          Not today!ua                                                         0000000000000000000000000000000000000000000000000000000000000000000000000000000000000000010100010101111011111001111101100Afraid of the dark? No need, you got me!-1305278220Rock and stone!
--------15--------
--------16--------
eb-1654801008              k                     1777777777776144447127ff45e987                                                                                                               
--------16--------
--------17--------
d                                                                               uc  Not today!-1915073996                                                                                                        %
--------17--------
--------18--------
A Dwarf sees farther when standing on the shoulders of Giants!                                                                                                                      Rock and stone!q3429368241Afraid of the dark? No need, you got me!Afraid of the dark? No need, you got me!
--------18--------
--------19--------
4368982811236126777r
--------19--------
--------20--------
Rock and stone!For Super Earth!A Dwarf sees farther when standing on the shoulders of Giants!1111111111111111111111111111111111001110011010010100111010110110A Dwarf sees farther when standing on the shoulders of Giants!%For Rock and stone!                                                                             zLeave No Dwarf BehindFor Rock and stone!j                                                                                                o                                     
--------20--------
--------21--------
For Super Earth!Rock and stone!-55901071-1760823087                                                                   661441451                                        For Super Earth!a                                                                                                                                             a         wy                                                          
--------21--------
--------22--------
Not today!                                                                            Afraid of the dark? No need, you got me!t                                                                                                                                                                      tFor Rock and stone!For Super Earth!y                                           t               %For Rock and stone!                                                                          Afraid of the dark? No need, you got me!111001011101111000100110011000031114507666                                                                                                                                                         For Super Earth!v-00000000000000000000000000000000000000000000000000000000000000000000000000000000000000000000000000000000000000000000000000000013904638701341786939                                                                                                           a           0000000000000000000000000000000000000000000000000000000000000000000000000000000000000000000000000000000000000000000000000000000000000000000000000000000000000000000000000000000000000003699121044
--------22--------
--------23--------
fwn                                                                                                                                                                                                a                                                                       For Super Earth!                                                                                                                                                                           p                                                                                                                                                                           For Super Earth!%%%f-000000000000000000000000000000000000000000000000000000000000000000000000000000000000000000000000000000000000000000000000000000001575510551-0000000000000000000000000000000000000000000000000000000000000000000000000000000000000000000000000000000000000000000477710835kA Dwarf sees farther when standing on the shoulders of Giants!For Rock and stone!                                                                                                                                                                                    
--------23--------
--------24--------
-362372849                                                                                                                                                            %%%%                                                                                       r                                                                                   Rock and stone!aFor Rock and stone!                                              fb1011010011111010110110011010010                 %000001984832762Leave No Dwarf Behind                                                                                                     cLeave No Dwarf BehindAfraid of the dark? No need, you got me!For Super Earth!
--------24--------
--------25--------
%%A Dwarf sees farther when standing on the shoulders of Giants!%Leave No Dwarf Behind                                  Leave No Dwarf Behindo                               Rock and stone!A Dwarf sees farther when standing on the shoulders of Giants!                                                                           -889920593   For Super Earth!                                                                                                                 Rock and stone!                                                                                                         5858843191000100010001101101000101100000Not today!
--------25--------
--------26--------
ea1712081638                                                                                       
--------26--------
--------27--------
000002931581842For Rock and stone!-407718704fA Dwarf sees farther when standing on the shoulders of Giants!-1796114518%%
--------27--------
--------28--------
2903131216                                                                                                                         A Dwarf sees farther when standing on the shoulders of Giants!                                                                                                                                                                                                    Rock and stone!32ddb1c4   12457710223b                                                                2756584740                                                                                               Afraid of the dark? No need, you got me!a                                                                                                                                              A Dwarf sees farther when standing on the shoulders of Giants!aFor Rock and stone!                                                                                                                     y                                                                                                             Afraid of the dark? No need, you got me!                                                                                       000000000000000000000000000000000000000000000000000000000000000000000000000000000000000000000000000000000000000000000000000000000000000000000000000000000000000000000000000000000001960621334-1630902534                                                                                                                                                   
--------28--------
--------29--------
aRock and stone!                                                                            Leave No Dwarf Behindg                                                                       a                                                                                                                                 For Super Earth!sj164881885900000000000000000000000000000000000000000000000000000000000000000000000000000000000000000000000000000000413208326722167612041s                                                  o                                                                                                                                                                                      oFor Rock and stone!697173786d                                         
--------29--------
--------30--------
Afraid of the dark? No need, you got me!f                                                                   Not today!                                                                                                                Not today!A Dwarf sees farther when standing on the shoulders of Giants!xyNot today!                    Rock and stone!For Super Earth!Afraid of the dark? No need, you got me!000000000000000000000000000000000000000000000000000010000010110110010110100000001011nRock and stone!area
--------30--------
--------31--------
zk                                                                                            
--------31--------
--------32--------
Leave No Dwarf BehindLeave No Dwarf BehindqA Dwarf sees farther when standing on the shoulders of Giants!Leave No Dwarf Behind                                                -1598310819o6eb90b58                                                                                                                                                                                   Not today!                                                                                                                         sk                                   
--------32--------
