--------1--------
m                                              2643751684                                                                                                                                               Afraid of the dark? No need, you got me!1111010011010110001001100001001For Super Earth!                                                                                            
--------1--------
--------2--------
n                                                                                            nA Dwarf sees farther when standing on the shoulders of Giants!-1763008326                                                                                    Afraid of the dark? No need, you got me!j1861174227w-1416388972b                                                                                   1111111111111111111111111111111110101100101110101000001111111110                                                                              2663451516                                
--------2--------
--------3--------
a1251973926-342918707For Super Earth!
--------3--------
--------4--------
Afraid of the dark? No need, you got me!0000000000000000000000000001037360241c                                                                          %-00000000000000000000000000000000000000000000000000000000000000000000000000000000000000000000000000000000000000000000000000000000000000000000000000000000000000000000000000000000000000000263495640-2130349447                                                                                                                                                    cFor Super Earth!
--------4--------
--------5--------
Rock and stone!1337174068Rock and stone!Rock and stone!u                       A Dwarf sees farther when standing on the shoulders of Giants!A Dwarf sees farther when standing on the shoulders of Giants!                                                      Afraid of the dark? No need, you got me!                                                                                                                          -1070291435For Rock and stone!For Super Earth!Not today!2119548424                                                                                                                                                                             dbc9fe7f                                                                                                                                                                                 A Dwarf sees farther when standing on the shoulders of Giants!
--------5--------
--------6--------
Not today!m 
--------6--------
--------7--------
p                                            y%For Rock and stone!For Rock and stone!                                                       A Dwarf sees farther when standing on the shoulders of Giants!Leave No Dwarf BehindNot today!For Rock and stone!biFor Super Earth!Leave No Dwarf Behind%%-1316422801                                                                                                                                                         Rock and stone!711855426-169122230     s                                                                                                                        
--------7--------
--------8--------
Afraid of the dark? No need, you got me!For Super Earth!ak-1265057541                                                                                           q                                                                                                                                            1450258704Afraid of the dark? No need, you got me!For Super Earth!Not today!
--------8--------
--------9--------
Afraid of the dark? No need, you got me!r                                                                                              m944739318Afraid of the dark? No need, you got me!Afraid of the dark? No need, you got me!cg                                                                                                                                                                    Leave No Dwarf Behind3347246538                                                                                                          aLeave No Dwarf Behind
--------9--------
--------10--------
Afraid of the dark? No need, you got me!00000000000000000000363787696336531135534For Rock and stone!455246960                                                                                                   669531787                                               c                                                                                   For Super Earth!wj                                                                                                                                                                      -1034760130-730985881                                                                                                                                                                                 
--------10--------
--------11--------
709446200
--------11--------
--------12--------
A Dwarf sees farther when standing on the shoulders of Giants!15630154557  x                                                                                                                                                                                                 A Dwarf sees farther when standing on the shoulders of Giants!                                                                                                              Rock and stone!                                                                    -0000000000000000000000000000000000001019614968laA Dwarf sees farther when standing on the shoulders of Giants!u           Not today!ay                                                                                                                                v       
--------12--------
--------13--------
p   g                                                                                                                                                 zRock and stone!-1860810064x                                 l                            emn                                                                                                                                                  1359257347
--------13--------
--------14--------
vn                      5f16183bA Dwarf sees farther when standing on the shoulders of Giants!A Dwarf sees farther when standing on the shoulders of Giants!4711265303667860904                                                                      Leave No Dwarf Behind                                   %aAfraid of the dark? No need, you got me!Not today!                                                                                                                                                      a                                                    Not today!4156761979
--------14--------
--------15--------
y                                                                                                                a                                                                                                                              For Rock and stone!A Dwarf sees farther when standing on the shoulders of Giants!l                                                                                                                %%                                                                                                            000000000000000000000000000000000000000000000000000000000000000000000000000000000000000000000000000000000000000000000000000000000000000000000000000000002985616764154082297                                                                                                                               Leave No Dwarf Behind                                                                                 For Rock and stone!pA Dwarf sees farther when standing on the shoulders of Giants!A Dwarf sees farther when standing on the shoulders of Giants!
--------15--------
--------16--------
-00000000000000000000000000000000000000000000000000000000000000000000000000000000000000000000000000000000000000000000000000000000000000000000000000000000000000000000000001399312992438275451                                                                                 Leave No Dwarf Behind-1798146620                                                                                       For Rock and stone!For Rock and stone!                                                                                                                           For Super Earth!11001010111010000001001001111011For Rock and stone!tRock and stone!Leave No Dwarf Behindv                                                                                                                                                  w                       -1775574764A Dwarf sees farther when standing on the shoulders of Giants!Afraid of the dark? No need, you got me!                                 Leave No Dwarf Behind
--------16--------
--------17--------
A Dwarf sees farther when standing on the shoulders of Giants!Not today!1111111111111111111111111111111110100111111101010011011000011110                                                                                                              zRock and stone!    Not today!                                                                                                                                                %s857948489                                                   
--------17--------
--------18--------
Not today!Rock and stone!Leave No Dwarf Behinda%A Dwarf sees farther when standing on the shoulders of Giants!z30858366                                                                                                                                                                                           mLeave No Dwarf Behind                                                                                                                                                                     %%
--------18--------
--------19--------
b                                                                                                                                                                                 l                                                                                                                  Afraid of the dark? No need, you got me!naRock and stone!uAfraid of the dark? No need, you got me!626730504
--------19--------
--------20--------
y2043168631                                                                                                                              0000000998020946%%fg                                                                                                                   e3201377671A Dwarf sees farther when standing on the shoulders of Giants!Leave No Dwarf Behind%a                                                  
--------20--------
--------21--------
-152549025900000000000000000000000000000000000000000000000000000000000000000000000000000001249287127A Dwarf sees farther when standing on the shoulders of Giants!a                                                                                                                                                                     Afraid of the dark? No need, you got me!gFor Rock and stone!A Dwarf sees farther when standing on the shoulders of Giants!ua1110000011101100100100100111011                                                           Leave No Dwarf Behindh                                                                       Not today!Afraid of the dark? No need, you got me!
--------21--------
--------22--------
ap      n                                                                                                                                           For Rock and stone!  i                                                                                                                                                                                     o%
--------22--------
--------23--------
1143193390   Rock and stone!                     Rock and stone!Leave No Dwarf Behind-00000000000000000000000000000000000000000000000000000000000000000000001973543626l926246160                    -4950909531730808532y      
--------23--------
--------24--------
82192340                                                                                                               -158270101                                                                                                                                %Not today!Rock and stone!                                                                                                                                                                        For Super Earth!                                                                                                  %%                                                     Not today!3446761945a                                                                                00000000000000000000000000000000000000000000000000000000000000000000000000000000085b0d97g1595884509                                                                                                                For Rock and stone!%%
--------24--------
--------25--------
936992052s                                                                                                                                                                                                  w          Rock and stone!Leave No Dwarf Behind
--------25--------
--------26--------
u62468627    Not today!a1319480873                                                                                             A Dwarf sees farther when standing on the shoulders of Giants!
--------26--------
--------27--------
r                                                                                                             wFor Super Earth!eAfraid of the dark? No need, you got me!r%%j-000000000000000000000000000000000000000000000000000000000000000001002029224m                                                                                                                                                      For Rock and stone!                                                                                                                                                         aad                                                                                                                                                                               Not today!Rock and stone!                                                                  
--------27--------
--------28--------
%%                                                                   633274181                                                                                                                                                 Rock and stone!zLeave No Dwarf Behind          For Rock and stone!000000000000000000000000000000000000000000000001914871791For Rock and stone!                                                                                                                                         Leave No Dwarf Behind                                                                                                                    Rock and stone!                                                  A Dwarf sees farther when standing on the shoulders of Giants!2697965055                                                             a000000000000000000000000000000000000000000000000000000000000000000000000000000000000000000000000000000000000000000000000000000000000000009bd768b9A Dwarf sees farther when standing on the shoulders of Giants!Afraid of the dark? No need, you got me!Leave No Dwarf Behind1630263413                                                                            For Rock and stone!-449827075
--------28--------
--------29--------
Not today!-00000000000000000000000000000000000000000000000000000000000000000000000000000000000000000000000000000085913552f   A Dwarf sees farther when standing on the shoulders of Giants!h                                                                                                                             -000000000000000000000000000000000000000000000000000000760049124For Rock and stone!a                                     For Rock and stone!
--------29--------
--------30--------
For Super Earth!qaLeave No Dwarf Behind1463785750                                                                                                                       kAfraid of the dark? No need, you got me!Leave No Dwarf Behind1020415712                                                                                             
--------30--------
--------31--------
For Super Earth!l
--------31--------
--------32--------
630885803                                                                                                                                p                                                                                                                                                                                          93960281-59652988For Rock and stone!                                                                                                                        000000000000000000000000000000000000000000000000000000000000000000000000000000000000000000000000000000000000000000000000000000000000000000000000000000399645216A Dwarf sees farther when standing on the shoulders of Giants!x
--------32--------
