--------1--------
p                                                                                                                                                        1196984033                                                                                                                 A Dwarf sees farther when standing on the shoulders of Giants!81ef5fc5f                                                                                                                                                                  -0000000000000000000000000000000000000000000000000000000000000000000000000000000000000000000000000000000000000000001133345380aFor Rock and stone!0000000000000000000000000000000000000000000000000000000000000000000000000000000000000000000000000000000000000000000672366751
--------1--------
--------2--------
486649053                                                                                                                                                                        Not today!                                                                                                                                                                  957839078pRock and stone!p726859598                                                                                                                                                                                            For Super Earth!3097627172                                                                                                                                              Rock and stone!
--------2--------
--------3--------
bFor Rock and stone!Not today!                                                                                                                                                            -00000000000000000000000000000000000000000000000000000000000000000000000000000000000000000000000000000000000000000000000000000000000000000000000000000000000000000000000000000000730943025Afraid of the dark? No need, you got me!                   Leave No Dwarf BehindAfraid of the dark? No need, you got me!A Dwarf sees farther when standing on the shoulders of Giants!A Dwarf sees farther when standing on the shoulders of Giants!q                                                                                                                                 For Rock and stone!                 For Rock and stone!                                                                                                                                                                     eNot today!00000000000000000000000000000000000000000000000000000000000000000000000000000000000000000090b1eee138704948111992351006                                                                                                                                                                      Leave No Dwarf Behind
--------3--------
--------4--------
o                                               For Super Earth!            m                                                                                    -0000000000000000000000000000000000000000000000000000000000000000000000000000017206125363978945094                                                                                                                                                                                             
--------4--------
--------5--------
Afraid of the dark? No need, you got me!Afraid of the dark? No need, you got me!A Dwarf sees farther when standing on the shoulders of Giants!For Rock and stone!                                                                                        i522436611Not today!-000000000000000000000000000000000000000000000000000000000000000000000000000000000000000000000000000000000000000000000000000000000000000000000000000000000000000000000000000000000000000000001855281485Afraid of the dark? No need, you got me!%%xFor Rock and stone!Afraid of the dark? No need, you got me!00000000000000000000000000000000000000000000000000000000000000000000000000000000000000000000000000000000000000000000000000000000000000000000000000000000000000000000000000000000000030903869b                                                                                                                                                                                                     a                                                                                                                                                                                    10011010101001100111111001011000                                                                                                                    Rock and stone!                                                                   n                                                                     
--------5--------
--------6--------
g                                                                                                          Not today!1406247538                                        A Dwarf sees farther when standing on the shoulders of Giants!Not today!%1528564491-596350067Not today!Afraid of the dark? No need, you got me!Not today!For Super Earth!d-689118927Rock and stone!u1401784255                                                                                   Leave No Dwarf Behind
--------6--------
--------7--------
asFor Super Earth!
--------7--------
--------8--------
Leave No Dwarf BehindAfraid of the dark? No need, you got me!A Dwarf sees farther when standing on the shoulders of Giants!                                               
--------8--------
--------9--------
A Dwarf sees farther when standing on the shoulders of Giants!Leave No Dwarf Behindv                                                                      f                                                                                                                                                                                -1623413687                                                                                                                                  aAfraid of the dark? No need, you got me!                                                                                                          Afraid of the dark? No need, you got me!A Dwarf sees farther when standing on the shoulders of Giants!gi                                                                                                                                                                                                                                                                                                                                            zb%r                                           
--------9--------
--------10--------
300026059
--------10--------
--------11--------
Not today!For Super Earth!                     %Leave No Dwarf Behind00000000000000000000000000000000000000000000000000000002013850225000000000000000000000000000000000000000000000000000000000000000000001127721462For Super Earth!For Rock and stone!                                                                                                                  to                                                                                                                                 Afraid of the dark? No need, you got me!%%                                                                                                                                                                 aa     2452971864%%                                                                                                                                             
--------11--------
--------12--------
Afraid of the dark? No need, you got me!A Dwarf sees farther when standing on the shoulders of Giants!Rock and stone!
--------12--------
--------13--------
Afraid of the dark? No need, you got me!b-1977260076                                                                                                                                  -1995828139                                    34440734063                                                                                     Afraid of the dark? No need, you got me!Not today!Rock and stone!A Dwarf sees farther when standing on the shoulders of Giants!j                                                                     a                                                                           %%o                                                                      1450334956                                                                                                                                                  000000000000000000000000000000000000000000000000000000000000000000000000000000000000000000000000000000000000000000000000000000000000000000000000000000000000000000000000000000000000032247063014aRock and stone!
--------13--------
--------14--------
Afraid of the dark? No need, you got me!-535091564jLeave No Dwarf BehindFor Rock and stone!
--------14--------
--------15--------
Afraid of the dark? No need, you got me!For Rock and stone!                                                                                                         For Rock and stone!n                                                                                                                                                                 Not today!For Rock and stone!%
--------15--------
--------16--------
Rock and stone!g                                                                                                                                                                                                      %ixl                  
--------16--------
--------17--------
r0000000000000000000000000000000000000000000000000000000d9f71086Leave No Dwarf Behind                                                                                                                                                                      Leave No Dwarf Behind                           Leave No Dwarf BehindFor Rock and stone!                                                                                                                                                                                                    
--------17--------
--------18--------
10066132                                                                                                                                                                                           %0000000000000000000000000000000000000000000000000000000000000000000000000000000000000000000000000000000000000000000728541985s                                                                             sFor Super Earth!                                                                                                                                     clp                                                                                                                                                                           %%%A Dwarf sees farther when standing on the shoulders of Giants!k                                2800738017                                                           Not today! Afraid of the dark? No need, you got me!For Super Earth!978865479
--------18--------
--------19--------
A Dwarf sees farther when standing on the shoulders of Giants!ffffffff986ce15fFor Rock and stone!-000000000000000000000000000000000000000000000000000000000000000000000000000000000000000000000000000000000000000000000000000000000000000000000000000000000000000000000001675450789
--------19--------
--------20--------
o                                                                                                                -1095788472                                                                    
--------20--------
--------21--------
Rock and stone!avt                              si                           hNot today!A Dwarf sees farther when standing on the shoulders of Giants!0000000000000000000000000000000000000000000000000000000000000000000000000000000000000000000000000000000000000000000000000000000000111100100110000101011110011011pAfraid of the dark? No need, you got me!Afraid of the dark? No need, you got me!                                                                         Not today!For Super Earth!c                                                                                                                                                                              f                                                                                                                                                                                    Not today!%
--------21--------
--------22--------
                                                                                                         
--------22--------
--------23--------
x                                                                                                   A Dwarf sees farther when standing on the shoulders of Giants!-253216423-1657897826                                                                                               10001100011010100000101010011                                                                                                                                                      Afraid of the dark? No need, you got me!2069721322
--------23--------
--------24--------
e                                                                                                                                              %%                                                                                                                                                                                 Not today!Not today!                                                                                                                        x                                                                                                                                              For Super Earth!aNot today!                                                                                                                         n000000000000000000000000000000000000000000221480161y                                                                                                                                                                                  Leave No Dwarf Behind                                                                                                                                                                           
--------24--------
--------25--------
For Super Earth!0000000000000000000000000000000000000000000000000000000000000000000000000115128919t                                                                                              %%                                                                                                                                                                                                   Leave No Dwarf BehindaAfraid of the dark? No need, you got me!-1643797273                                                                                                                                                               000000000000000000000000000000000000000000000000000000000000000000000000000000000000000000000000000000000033204224%%-0000000000000000000000000000000000000000000000000000000000000000000000000000000000000001134920466l                                                                                                                                                                             yRock and stone!Afraid of the dark? No need, you got me!o                                                                                                                     For Rock and stone!A Dwarf sees farther when standing on the shoulders of Giants!%%                                                      k                                                                                                                                                            
--------25--------
--------26--------
%2978286031n%%                                                           %oFor Rock and stone!xz%r%%                                                                               12711163247                                                                                                                                                         Rock and stone!118043824%Rock and stone!
--------26--------
--------27--------
1554624384                                 
--------27--------
--------28--------
A Dwarf sees farther when standing on the shoulders of Giants!1397983121                                             26662552627%%Not today!                                00000000032235724710000000000000000000000000000000000000000000000000000000000000000000000000000000000000000000000000000000000000000000000000000000000000000000000000000000000000000000000000000000000000000641765437Afraid of the dark? No need, you got me!                                                                                                                  Not today!%Leave No Dwarf Behind                                                            1227808212-0000000178785556310477662325                                                                                                                                      
--------28--------
--------29--------
b                                               cp18446744072387387913For Super Earth!Afraid of the dark? No need, you got me!Rock and stone!                                                                            
--------29--------
--------30--------
For Rock and stone!00000000000000000000000000000000000000000000000000000000000000000000000000001840387899Rock and stone!A Dwarf sees farther when standing on the shoulders of Giants!%%For Super Earth!
--------30--------
--------31--------
A Dwarf sees farther when standing on the shoulders of Giants!00000000000000000000000000000000000000000000000000000000000000000000000000000000000000000486833311sf2714e46rf-00000000000000000000000000000000000000000000000000000000000000000000000000000000000000000000000001678495632Rock and stone!aFor Rock and stone!a000000000000000000000000000000000000000000000000000000000000000000000000000000000000000000001133252551Afraid of the dark? No need, you got me!                                                                                                                                  For Super Earth!b
--------31--------
--------32--------
Rock and stone!-000000000000000000000000000000000000000000000000000000000000000000000000001556587105v                                                                                                                                    1767648888
--------32--------
