--------1--------
z                                                                                                                                                                            %%                                                       -1069750545
--------1--------
--------2--------
Afraid of the dark? No need, you got me!For Super Earth!
--------2--------
--------3--------
A Dwarf sees farther when standing on the shoulders of Giants!                                                                                                         -252956765                                                        x                                                                                                                                                                -714532133Afraid of the dark? No need, you got me!r                                                 mAfraid of the dark? No need, you got me!t   For Rock and stone!
--------3--------
--------4--------
Afraid of the dark? No need, you got me!Not today!                                                                                                                       1110011001110001010001010100000w    Afraid of the dark? No need, you got me!876005821                                                           oq%Afraid of the dark? No need, you got me!Afraid of the dark? No need, you got me!11001111111100111101100001111111For Rock and stone!
--------4--------
--------5--------
Rock and stone!                                                                                                                                                                   -000000000000000000000000000000000000000000000000000000000000000000000000000000000000000000000000000000000000000000000000000001792798253Leave No Dwarf Behind
--------5--------
--------6--------
zFor Super Earth!Afraid of the dark? No need, you got me!For Super Earth!00000000000000000000000000000000000000000000000000000000000000000000000000000000000000000000000000000000000000000000000000000000000000075203050
--------6--------
--------7--------
c                                                                           v                                                                                                                                                                                                       Afraid of the dark? No need, you got me!zFor Rock and stone!Afraid of the dark? No need, you got me!Rock and stone!                                                                                                                                                               q                                                                                                           -175642493                                                                                                                       a                                                                                                                                                                     -109416013%wRock and stone!179250173343281589                                                                                                                                 
--------7--------
--------8--------
Leave No Dwarf BehindA Dwarf sees farther when standing on the shoulders of Giants!q                                                            Leave No Dwarf Behind1777777777763541331307                                                                                                                                         Afraid of the dark? No need, you got me!-458733581                                              Rock and stone!                         A Dwarf sees farther when standing on the shoulders of Giants!mAfraid of the dark? No need, you got me!-1573581939000000000000000000000050085d2e2299305035
--------8--------
--------9--------
qs                                                                                                                                                                            yh              -2083797618as                                                                                                                    p                                                                                                                                                                    -795535994-717162019sm                                                                                    Afraid of the dark? No need, you got me!                                                         y                                                                                                                                       A Dwarf sees farther when standing on the shoulders of Giants!-1729314347a                                                                                             a                                                                                                                                                                        102645118                                                                                                                               
--------9--------
--------10--------
a                           Afraid of the dark? No need, you got me!Afraid of the dark? No need, you got me!                     yRock and stone!j                                 For Super Earth!Rock and stone!y1993569633
--------10--------
--------11--------
j1995848711
--------11--------
--------12--------
fLeave No Dwarf BehindNot today!A Dwarf sees farther when standing on the shoulders of Giants!                                                                                                                                                                                           00000000000000000000000000000000000000000000000000000000000000000000000000000000000000000000000000000077d3b8ew                                                                                                                                                           1046001770000000000000000000000000000000000000000000000000000000000000000000000000000000000000000000000000000000000000000000000000000000000000000000000000000000000000000000000000000000000000000000000070e278e2kRock and stone!                                                                              2912770199               n  a-000000000000000000000000000000000000000000000000000000000000000000000000000000000000000000000000000000000000000000000000000000000000000000000001355221315
--------12--------
--------13--------
v                                                                                                                                                                                 Afraid of the dark? No need, you got me!                                                                                                                                            A Dwarf sees farther when standing on the shoulders of Giants!Afraid of the dark? No need, you got me!A Dwarf sees farther when standing on the shoulders of Giants!000000000000000000000000000000000000000000000000000000000000000000000000000000000000000000000000000202a5f94e0a281aFor Rock and stone!                                                                                                                        Afraid of the dark? No need, you got me!                                                                                                                         Leave No Dwarf Behind                                                                                                                                                    For Rock and stone!74b3480fx                                                1577113534                                                                             Rock and stone!aA Dwarf sees farther when standing on the shoulders of Giants!
--------13--------
--------14--------
966365056a                                                                                                                                                                                                      c                                                                                     3516487150A Dwarf sees farther when standing on the shoulders of Giants!aFor Super Earth!           Rock and stone!Rock and stone!000000000000000000000000000000000000000000000000000000000000000000000000000000000000000000000000000000000000000000000000000000000000000000000000000000037263066045y-150018871                                                                                                                                          Not today!                                                                                                                                                               00646901739Not today!A Dwarf sees farther when standing on the shoulders of Giants!Afraid of the dark? No need, you got me!                                                                                                                          -1867352520
--------14--------
--------15--------
-1778293832A Dwarf sees farther when standing on the shoulders of Giants!Afraid of the dark? No need, you got me!%%    z%%-1795887425
--------15--------
--------16--------
%Leave No Dwarf Behind4245213957Afraid of the dark? No need, you got me!s                                                                                                                                                                    %%00000000000000000000000000000000000000000000011000100111100111011000111011
--------16--------
--------17--------
qA Dwarf sees farther when standing on the shoulders of Giants!jeAfraid of the dark? No need, you got me!                                                                                                      a                                                                                                                                                                                  For Super Earth!Leave No Dwarf BehindLeave No Dwarf BehindLeave No Dwarf Behind1781185262w                                                             
--------17--------
--------18--------
j           -000000000000000000000000000000000000000000000000000000000000000000000000000000000000000000000000000000000000000000000000000000000000000425695701-1246813834qNot today!Not today!u                                                         Leave No Dwarf Behind                                                                    Afraid of the dark? No need, you got me!For Rock and stone!For Super Earth!w                                nA Dwarf sees farther when standing on the shoulders of Giants!Afraid of the dark? No need, you got me!Not today!                                                                                                                                    For Super Earth!aAfraid of the dark? No need, you got me!-1776898516                                                                       
--------18--------
--------19--------
2132457406                                                                                                                                                       A Dwarf sees farther when standing on the shoulders of Giants!-0000000000000000000000000000000000000000000000462728212A Dwarf sees farther when standing on the shoulders of Giants!Afraid of the dark? No need, you got me!                             u                                                                                                                                                                     Leave No Dwarf BehindRock and stone!Not today!                                                                                                     -303217538                                                      v
--------19--------
--------20--------
l                                                                                                                                                                    Rock and stone!hNot today!1326538430%For Super Earth!Not today!Rock and stone!         For Rock and stone!m                                                                                                   Rock and stone!For Rock and stone!                                                                                                                                    Leave No Dwarf Behind0000000000000000000000000000000000000000000000000000000000000000151142350
--------20--------
--------21--------
-1925988373d    n                                                                                For Super Earth!-1439963174                                                                                                                                                                                     zA Dwarf sees farther when standing on the shoulders of Giants!1579124313                      For Rock and stone!Not today!aA Dwarf sees farther when standing on the shoulders of Giants!4162001436                                                                                                                                                
--------21--------
--------22--------
37642650052                                                                                                                                    1069795566g
--------22--------
--------23--------
m%1061869814oFor Super Earth!
--------23--------
--------24--------
Afraid of the dark? No need, you got me!499581957                                                                                                               e                                                                                 Not today!%1617694717d-756179721Afraid of the dark? No need, you got me!-000000000000000000000000000000000000000000000000000000000000000000000000000000000000000000723073750%%For Super Earth!k                                                        -758150973v                              26561434434                                
--------24--------
--------25--------
Leave No Dwarf BehindapA Dwarf sees farther when standing on the shoulders of Giants!n                                                                                                                                     %%Afraid of the dark? No need, you got me!xy                                                                                                               
--------25--------
--------26--------
a1011951918-907717375                  Not today!2075189467                                                                                                      Leave No Dwarf BehindFor Super Earth!Afraid of the dark? No need, you got me!                                Not today!000000000000000000000000000000000000000000000000000000000000000000000000000000001998922407m                                                                                                                                                    l                                   c                                                                                                                                        Not today!For Rock and stone!
--------26--------
--------27--------
Rock and stone!a                                                0000000000000000000000000000000000000000000000000000000000000000000000000000000000000000000000000000000000000000000000000000000538281852gFor Rock and stone!                                                   Afraid of the dark? No need, you got me!
--------27--------
--------28--------
A Dwarf sees farther when standing on the shoulders of Giants!eFor Rock and stone!q                        p                                                                                                                                                                                                    fA Dwarf sees farther when standing on the shoulders of Giants!%Afraid of the dark? No need, you got me!
--------28--------
--------29--------
c516196333                                                                                                                                                                                   x%%%%                                                                                                                  
--------29--------
--------30--------
Afraid of the dark? No need, you got me!000000000000000000000000000000000000000000000000000000000000000000000000000000000000000000000000000000000000000000000000000000000000000000000000000000000000000000067000171102173661373                                                                                                                                          000000000000000000000000000000000000000000000000001717659285Afraid of the dark? No need, you got me!t-2123705009Leave No Dwarf Behind                       000000000000000000000000000000000000000000000000000000000000000000000000000000000000000000000000000000000000000000000000000000000000000000000000000000000000000000000000000000000000000043859973For Super Earth!                                                                                                                                                   mb-284809006                                                                                                                                                                                              
--------30--------
--------31--------
-1570996070                                                                                                                                                                            1632105557a
--------31--------
--------32--------
Afraid of the dark? No need, you got me!Not today!For Rock and stone!                                                                       Rock and stone!                                                                                      
--------32--------
