--------1--------
aRock and stone!aa                                                                  0000000000000000000001828099132sl115373568                                                                              %%m                                                                                                                                                                            %ay                                                                                                                                                    
--------1--------
--------2--------
-000000000000000000000000000000000000000000000000000000000000000000000000000000000000000000000000000000000000000000000000002145765880000000000000000000000000000000000000000000000000000000000000000014766643756n                                                                                                                                                                                              Afraid of the dark? No need, you got me!0000000000000000000000000000000000000000000000000000000000000000000000000000000000000000000000000000000798569182Rock and stone!i                                                                                                     1216638552aRock and stone!A Dwarf sees farther when standing on the shoulders of Giants!k-000000000000000000000000000000000000000000000000000000000000000000000000000000000000000000000000000000000000000000000000000000000000000000000000000000000000000000000000000000000000000000098023443-1313027095                                                                                                              %Rock and stone!Leave No Dwarf Behind
--------2--------
--------3--------
For Rock and stone!
--------3--------
--------4--------
k p                                                                                                                                                             -00000000000000000000000000000000000000000001772856769a%For Super Earth!              d    For Rock and stone!                                                                                                       
--------4--------
--------5--------
ot113663567                                                                A Dwarf sees farther when standing on the shoulders of Giants!                                                                                          For Super Earth!aso                                                                                                                                                                      1238402018j                                                                                                                                                      o                                                                                                                                                                                           Not today!               %Leave No Dwarf Behind                              -1952631143For Rock and stone!
--------5--------
--------6--------
qae626965                                                                                                                    a3576816986                                                    g                                                                                                                                                                                                00000000000000000000000000000000000000000000000000000000000000000000000000000000000000000000000000000000000000003647632662y                                                                                                                                                                                       %Leave No Dwarf Behindw                                              y                                                                                                                                                                   0000000000000000000000000000000000000000000000000000000000000000000000000000000000000000000000000000000000000000000000000000000000000000000000000000000000000000000000000000000000000000000080284383A Dwarf sees farther when standing on the shoulders of Giants!
--------6--------
--------7--------
-000000000000000000000001432792631                   -00000000000000000000000000000000000000000000000000000000000001055049712s                                             r
--------7--------
--------8--------
%%                                                                                                                                      Afraid of the dark? No need, you got me!%%Rock and stone!                                                                                                                             A Dwarf sees farther when standing on the shoulders of Giants!b                                                               000000000110111001110001101011101011011w
--------8--------
--------9--------
a                                                                                                                                                                                              Not today!       
--------9--------
--------10--------
987353199                                                                                                                
--------10--------
--------11--------
Leave No Dwarf BehindA Dwarf sees farther when standing on the shoulders of Giants!
--------11--------
--------12--------
For Rock and stone!539704688o                                                                                       00000000000000000000000000000000000000000000000000000000000000000000000000000000000000000000000000000000000000000000000000000000000000000000000000588046681%%Afraid of the dark? No need, you got me!t-000000000000000000000000000000000000000000000000000000000000000000000000000000000000000000000000000000000000000000000000636703640Leave No Dwarf Behind                                                                                                                                                                          g
--------12--------
--------13--------
Rock and stone!yj                                                                                                                       A Dwarf sees farther when standing on the shoulders of Giants!ax                2089076                                                                                                                  111001111100011010001001010101                                                                                                                                          A Dwarf sees farther when standing on the shoulders of Giants!                                        686350262                                     Leave No Dwarf Behind                         %Not today!Not today!1000000011111110100001000110001                                                                                                                   Leave No Dwarf Behindz
--------13--------
--------14--------
a                                                                                                            %x                                                                  zAfraid of the dark? No need, you got me!t                                                                                        11101011111011000000010000000                                                                                                                             -1615191747                                                                                                                                      1067735572
--------14--------
--------15--------
%1970916107A Dwarf sees farther when standing on the shoulders of Giants!16114933682b8c4441j
--------15--------
--------16--------
4153440128                                                                                          
--------16--------
--------17--------
For Rock and stone!Afraid of the dark? No need, you got me!e                         aLeave No Dwarf Behind
--------17--------
--------18--------
z                                                                   Afraid of the dark? No need, you got me!Rock and stone!                  %A Dwarf sees farther when standing on the shoulders of Giants!vA Dwarf sees farther when standing on the shoulders of Giants!000000000000000000000000000000000000000000000000000000000000000000000000000000000000000000000000000000000000000000000000000000000000000000000001239643147For Super Earth!Not today!e                                                                                                                                                                       r                                                                                                      ffffffffdc65780faLeave No Dwarf Behindl                                                                                                                    Afraid of the dark? No need, you got me!                                
--------18--------
--------19--------
For Rock and stone!
--------19--------
--------20--------
t
--------20--------
--------21--------
-00000000000000000000000000000000000000000000000000000000000000000000000000000000000000000000000000000000000000000000000000000000000000000000000000000000075656062Not today!o                                                                                        -12377307651194979721                                                                                     c                                                                                                                     mLeave No Dwarf Behindq   Afraid of the dark? No need, you got me!h                                                                                                                                                              Leave No Dwarf BehindNot today!      A Dwarf sees farther when standing on the shoulders of Giants!
--------21--------
--------22--------
1294551973 A Dwarf sees farther when standing on the shoulders of Giants!m000000000000000000000000000000000000000000000000001644922390rFor Super Earth!
--------22--------
--------23--------
Not today!340521636%%-545277892as                                                                       ub               2349369454iAfraid of the dark? No need, you got me!6551373523                                                                                                   Leave No Dwarf Behind                                                        2409587405                                                                                                                                                                        Not today!aLeave No Dwarf BehindiFor Super Earth!
--------23--------
--------24--------
aew                                                                             
--------24--------
--------25--------
2c1f4a6a                                                                        000000000000000000000000000000000000000000000000000000000000000000000000000000000000000000000000000000000000000000000000000000000000000001259769574Leave No Dwarf Behind-000000000000000000000000000000000000000000000000000000000000000000000000001856622860Leave No Dwarf Behind%%                                                                                                 %A Dwarf sees farther when standing on the shoulders of Giants!-000000000000000000569981109000000000000000000000000000000000000000000000000000000000000000000000000000000000000000000000000000000000000000000000000000000000000000000000000000000000000000000000000000000001237439301For Super Earth!
--------25--------
--------26--------
1798294183Afraid of the dark? No need, you got me!e-454930567Not today!00000000000000000000000000000001011010010110111100100111000011aFor Rock and stone!404256479%Leave No Dwarf Behindv3783515931Rock and stone!wAfraid of the dark? No need, you got me!Not today!4242724559
--------26--------
--------27--------
m                                                                                                                                                                                    rA Dwarf sees farther when standing on the shoulders of Giants!Leave No Dwarf Behind                                                          For Super Earth!                                                               
--------27--------
--------28--------
A Dwarf sees farther when standing on the shoulders of Giants!000000000000000000000000000000000000000000000000000000000000000000000000000000000000000000000000000000000000000000000000000000000000000000069c4b3f5975189464                                                                                             1327200959                                                                                                                                                  1094235821      -0000000000000000000000000000000000000000000000000000000000000000000000000000000000000000000000000000000000000000000000000000861291996Leave No Dwarf Behind                 aa                          b                                                                                        n                                                                                    00000000000000000000000000000000000000000000000023762233265280014233u
--------28--------
--------29--------
j                                          zLeave No Dwarf Behind1488614660                                                                                                                                                                                          For Super Earth!laLeave No Dwarf Behind                                                                                                                                                      hod                                                          i                                                                 a%
--------29--------
--------30--------
A Dwarf sees farther when standing on the shoulders of Giants!xaFor Rock and stone!                                                                                                           -1126566733                                                                                                                                          
--------30--------
--------31--------
wFor Super Earth!                                                                                                                                                                                      A Dwarf sees farther when standing on the shoulders of Giants!wz                                                                                                                                                                                                    16334323714-1105465224For Super Earth!A Dwarf sees farther when standing on the shoulders of Giants!b00000000000000000000000000000000000000000000000000000000000000000000000000000000000000000000000000000000000000000000000000000000000000000000000896893931Leave No Dwarf Behinda                                                                                                                                                                                           %%%tAfraid of the dark? No need, you got me!ta
--------31--------
--------32--------
yv                                                                  117795722                                                                                                           %ra64ad817                                                                                                                                     -206048349                                                                                                                                                                                 w                                                                                 A Dwarf sees farther when standing on the shoulders of Giants!01011001010110000100000000100100wu                                                                                                                                                 g                                                   
--------32--------
