--------1--------
523
--------1--------
--------2--------
123523
--------2--------
--------3--------
25333
--------3--------
--------4--------
233234
--------4--------
