--------1--------
Rock and stone!
--------1--------
--------2--------
For Super Earth!
--------2--------
--------3--------

--------3--------
