--------1--------
12345
--------1--------
--------2--------
     123
--------2--------
--------3--------
00000123
--------3--------
--------4--------
456
--------4--------
--------5--------
     
--------5--------
