0:0x0
1:0x400114
2:0x400138
3:0x400150
4:0x400168
5:0x400360
6:0x4003b0
7:0x610584
8:0x6105b0
9:0x660ca0
10:0x676000
11:0x676308
12:0x67631c
13:0x67631c
14:0x676324
15:0x676330
16:0x679d00
17:0x67ae80
18:0x67c2f8
19:0x67c300
20:0x0
21:0x0
22:0x0
23:0x0
