0:0x0
1:0x8048174
2:0x8048198
3:0x80481cc
4:0x8049000
5:0x8049020
6:0x80490c0
7:0x820f574
8:0x8210000
9:0x825a32d
10:0x825a330
11:0x8284b38
12:0x8284eb4
13:0x82859dc
14:0x82859f0
15:0x82859f0
16:0x82859f8
17:0x8285a00
18:0x8289f38
19:0x8289ff4
20:0x828a060
21:0x828b140
22:0x0
23:0x0
