0:0x0
1:0x10114
2:0x10134
3:0x10140
4:0x10150
5:0x14df20
6:0x1a02d0
7:0x1bbd78
8:0x1bd4c0
9:0x1bd4d4
10:0x1bd4d4
11:0x1bd4d8
12:0x1bd4e0
13:0x1bd4e8
14:0x1bfd88
15:0x1bfff8
16:0x1c0008
17:0x1c1000
18:0x1c12f0
19:0x1c1420
20:0x0
21:0x0
